SET citus.next_shard_id TO 78500000;
SET documentdb.next_collection_id TO 780000;
SET documentdb.next_collection_index_id TO 780000;
